python : .F..
所在位置 行:1 字符: 1
+ python tests/test
_ccapo_v3.py > test
_output.txt 2>&1
+ ~~~~~~~~~~~~~~~~~
~~~~~~~~~~~~~~~~~~~
~~~~~~~~~~~~~~~~
    + CategoryInfo 
             : No  
  tSpecified: (.   
 F..:String) []    
, RemoteExcept    i
on
    + FullyQualifi 
   edErrorId : Na  
  tiveCommandErr   
 or
 
===================
===================
===================
=============
FAIL: test_manager_
unified_routing (__
main__.TestCCAPOv3)
-------------------
-------------------
-------------------
-------------
Traceback (most rec
ent call last):
  File "tests/test_
ccapo_v3.py", line 
114, in test_manage
r_unified_routing
    self.assertAlmo
stEqual(res["reward
s"][-1], 1.0 * m_ef
f, delta=0.1)
AssertionError: 1.6
362024159277841 != 
0.9695359714832658 
within 0.1 delta (0
.6666664444445184 d
ifference)

-------------------
-------------------
-------------------
-------------
Ran 4 tests in 0.00
1s

FAILED (failures=1)
DEBUG: res['rewards']=[0.9695359714832658, 1.469535846483297, 1.6362024159277841]
DEBUG: m_eff=0.9695359714832658
